[2026/4/14 下午3:14:36] GET /
[2026/4/14 下午3:14:38] GET /
[2026/4/14 下午3:14:56] GET /adim
[2026/4/14 下午3:15:06] GET /admin
[2026/4/14 下午3:15:27] GET /admin/code-521
[2026/4/14 下午3:15:33] GET /admin/code=521
[2026/4/14 下午3:15:47] GET /admincode=521
[2026/4/14 下午3:15:50] GET /admin%20code=521
[2026/4/14 下午3:16:53] GET /admin?code=521
[2026/4/14 下午3:17:11] GET /home
[2026/4/14 下午3:17:56] GET /
[2026/4/14 下午3:18:36] GET /
[2026/4/14 下午3:18:57] GET /product/ILCE-6700.html
[2026/4/14 下午3:18:59] GET /
[2026/4/14 下午3:19:01] GET /
[2026/4/14 下午3:21:42] GET /
[2026/4/14 下午3:21:42] GET /favicon.ico
[2026/4/14 下午3:21:47] GET /admin?code=521
[2026/4/14 下午3:21:57] GET /admin
[2026/4/14 下午3:22:06] GET /admin?code=251
[2026/4/14 下午3:22:55] GET /
[2026/4/14 下午3:22:58] GET /admin?code=521
[2026/4/14 下午3:23:02] GET /admin?code=521
[2026/4/14 下午3:26:30] GET /product/ILCE-6700.html
[2026/4/14 下午3:26:32] GET /
[2026/4/14 下午3:26:33] GET /product/ILCE-6700.html
[2026/4/14 下午3:26:37] GET /product/ILCE-6700.html
[2026/4/14 下午3:30:28] GET /
[2026/4/14 下午3:30:30] GET /product/ILCE-6700.html
[2026/4/14 下午3:32:07] GET /
[2026/4/14 下午3:32:08] GET /product/ILCE-6700.html
[2026/4/14 下午3:32:10] GET /product/ILCE-6700.html
[2026/4/14 下午3:33:09] GET /
[2026/4/14 下午3:33:11] GET /product/SEL100M28GM.html
[2026/4/14 下午3:33:14] GET /
[2026/4/14 下午3:33:15] GET /product/SEL50150GM.html
[2026/4/14 下午3:33:16] GET /
[2026/4/14 下午3:33:17] GET /product/SEL2870GM.html
[2026/4/14 下午3:33:17] GET /
[2026/4/14 下午3:33:18] GET /product/UNKNOWN.html
[2026/4/14 下午3:34:03] GET /
[2026/4/14 下午3:36:48] GET /
[2026/4/14 下午3:36:49] GET /product/SEL2870GM.html
[2026/4/14 下午3:36:51] GET /
[2026/4/14 下午3:36:54] GET /product/SEL50150GM.html
[2026/4/14 下午3:36:59] GET /product/safads.html
[2026/4/14 下午3:37:02] GET /
[2026/4/14 下午3:37:10] GET /product/SEL2870GM.html
[2026/4/14 下午3:37:21] GET /admin?code=521
[2026/4/14 下午3:50:23] GET /product/SEL100M28GM.html
[2026/4/14 下午3:50:25] GET /product/SEL50150GM.html
[2026/4/14 下午3:50:30] GET /product/SEL2870GM.html
[2026/4/14 下午3:50:31] GET /
[2026/4/14 下午3:51:30] GET /product/SEL100M28GM.html
[2026/4/14 下午3:51:45] GET /product/SEL50150GM.html
[2026/4/14 下午3:51:47] GET /
[2026/4/14 下午3:51:49] GET /product/SEL100M28GM.html
[2026/4/14 下午3:51:50] GET /
[2026/4/14 下午3:51:52] GET /product/SEL2870GM.html
[2026/4/14 下午3:51:53] GET /
[2026/4/14 下午3:53:41] GET /product/SEL50150GM.html
[2026/4/14 下午3:53:43] GET /product/SEL100M28GM.html
[2026/4/14 下午3:53:46] GET /product/SEL2870GM.html
[2026/4/14 下午3:54:14] GET /admin?code=521
[2026/4/14 下午3:54:20] GET /product/SEL100M28GM.html
[2026/4/14 下午3:54:22] GET /product/SEL2870GM.html
[2026/4/14 下午3:54:46] GET /product/SEL2870GM.html
[2026/4/14 下午3:55:03] GET /product/SEL100M28GM.html
[2026/4/14 下午3:55:06] GET /product/SEL50150GM.html
[2026/4/14 下午3:55:10] GET /product/SEL50150GM.html
[2026/4/14 下午3:55:17] GET /product/iii.html
[2026/4/14 下午4:15:44] GET /
[2026/4/14 下午4:15:45] GET /
[2026/4/14 下午4:16:50] GET /
[2026/4/14 下午4:16:52] GET /product/SEL100M28GM.html
[2026/4/14 下午4:18:16] GET /
[2026/4/14 下午4:18:19] GET /product/ILCE-6700.html
[2026/4/14 下午4:18:19] GET /images/a6700.jpg
[2026/4/14 下午4:18:48] GET /product/ILCE-6700.html
[2026/4/14 下午4:18:49] GET /images/a6700.jpg
[2026/4/14 下午4:18:50] GET /
[2026/4/14 下午4:18:55] GET /product/ILCE-1M2.html
[2026/4/14 下午4:18:55] GET /images/a1m2.jpg
[2026/4/14 下午4:18:56] GET /
[2026/4/14 下午4:21:52] GET /product/ILCE-6700.html
[2026/4/14 下午4:21:52] GET /images/a6700.jpg
[2026/4/14 下午4:21:53] GET /
[2026/4/14 下午4:22:16] GET /
[2026/4/14 下午4:22:17] GET /product/ILCE-6700.html
[2026/4/14 下午4:22:17] GET /images/a6700.jpg
[2026/4/14 下午4:22:19] GET /product/ILCE-7M5.html
[2026/4/14 下午4:22:19] GET /images/a7m5.jpg
[2026/4/14 下午4:22:20] GET /product/ILCE-1M2.html
[2026/4/14 下午4:22:20] GET /images/a1m2.jpg
[2026/4/14 下午4:22:30] GET /product/ILCE-6700.html
[2026/4/14 下午4:22:30] GET /images/a6700.jpg
[2026/4/14 下午4:22:32] GET /product/ILCE-7M5.html
[2026/4/14 下午4:22:32] GET /images/a7m5.jpg
[2026/4/14 下午4:22:35] GET /product/ILCE-7M5.html
[2026/4/14 下午4:22:35] GET /images/a7m5.jpg
[2026/4/14 下午4:22:37] GET /product/ILCE-1M2.html
[2026/4/14 下午4:22:37] GET /images/a1m2.jpg
[2026/4/14 下午4:26:15] GET /product/ILCE-6700.html
[2026/4/14 下午4:26:15] GET /images/a6700.jpg
[2026/4/14 下午4:26:21] GET /adim
[2026/4/14 下午4:26:28] GET /product/:ILCE-6700
[2026/4/14 下午4:26:36] GET /product/:asdf.html
[2026/4/14 下午4:26:40] GET /product/asdf.html
[2026/4/14 下午4:26:45] GET /
[2026/4/14 下午4:26:46] GET /product/ILCE-7M5.html
[2026/4/14 下午4:26:46] GET /images/a7m5.jpg
[2026/4/14 下午4:26:51] GET /
[2026/4/14 下午4:55:01] GET /
[2026/4/14 下午4:55:02] GET /
[2026/4/14 下午4:55:04] GET /product/ILCE-6700.html
[2026/4/14 下午4:55:04] GET /images/a6700.jpg
[2026/4/14 下午4:55:07] GET /product/ILCE-7M5.html
[2026/4/14 下午4:55:07] GET /images/a7m5.jpg
[2026/4/14 下午4:55:14] GET /product/ILCE-7M5.html
[2026/4/14 下午4:55:14] GET /images/a7m5.jpg
[2026/4/14 下午4:55:16] GET /product/ILCE-7M5.html
[2026/4/14 下午4:55:16] GET /images/a7m5.jpg
[2026/4/14 下午4:55:25] GET /product/ILCE-7M5.html
[2026/4/14 下午4:55:25] GET /images/a7m5.jpg
[2026/4/14 下午4:55:27] GET /
